[ 2245229ms] [ERROR] Failed to load resource: the server responded with a status of 404 (Not Found) @ http://localhost:5173/favicon.ico:0
[ 3377219ms] [INFO] [voz] 11:16:00 · Déjame revisarlo… @ http://localhost:5173/src/lib/realtime/grok-voice.ts?t=1786706128927:282
[ 3382238ms] [INFO] [voz] 11:16:05 · Consultando el ERP… @ http://localhost:5173/src/lib/realtime/grok-voice.ts?t=1786706128927:282
[ 3389750ms] [INFO] [voz] 11:16:13 · Encontré varios proveedores con "Leticia" en el nombre. Para darte la ficha corr @ http://localhost:5173/src/lib/realtime/grok-voice.ts?t=1786706128927:282
[ 3399993ms] [INFO] [voz] 11:16:23 · Un momento… @ http://localhost:5173/src/lib/realtime/grok-voice.ts?t=1786706128927:282
[ 3406520ms] [INFO] [voz] 11:16:30 · Proveedor Leticia Márquez Valenzuela, clave PP-0084, activa, frijolera de Fresni @ http://localhost:5173/src/lib/realtime/grok-voice.ts?t=1786706128927:282
[ 3432249ms] [INFO] [voz] 11:16:55 · Déjame consultarlo… @ http://localhost:5173/src/lib/realtime/grok-voice.ts?t=1786706128927:282
[ 3437970ms] [INFO] [voz] 11:17:01 · Consultando el conocimiento del sistema… @ http://localhost:5173/src/lib/realtime/grok-voice.ts?t=1786706128927:282
[ 3446066ms] [INFO] [voz] 11:17:09 · Consultando el ERP… @ http://localhost:5173/src/lib/realtime/grok-voice.ts?t=1786706128927:282
[ 3653056ms] [INFO] [voz] 11:20:36 · Déjame revisarlo… @ http://localhost:5173/src/lib/realtime/grok-voice.ts?t=1786706128927:282
[ 3656963ms] [INFO] [voz] 11:20:40 · Consultando el ERP… @ http://localhost:5173/src/lib/realtime/grok-voice.ts?t=1786706128927:282
[ 3666985ms] [INFO] [voz] 11:20:50 · El único proveedor activo con ese nombre es Leticia Márquez Valenzuela, clave PP @ http://localhost:5173/src/lib/realtime/grok-voice.ts?t=1786706128927:282
[ 3686676ms] [INFO] [voz] 11:21:10 · Un momento… @ http://localhost:5173/src/lib/realtime/grok-voice.ts?t=1786706128927:282
[ 3691532ms] [INFO] [voz] 11:21:15 · Consultando el ERP… @ http://localhost:5173/src/lib/realtime/grok-voice.ts?t=1786706128927:282
[ 3695977ms] [INFO] [voz] 11:21:19 · La última compra con Leticia fue el 30 de julio del 2026, una entrada de compra  @ http://localhost:5173/src/lib/realtime/grok-voice.ts?t=1786706128927:282
[ 3716154ms] [INFO] [voz] 11:21:39 · Déjame consultarlo… @ http://localhost:5173/src/lib/realtime/grok-voice.ts?t=1786706128927:282
[ 3720799ms] [INFO] [voz] 11:21:44 · Consultando el ERP… @ http://localhost:5173/src/lib/realtime/grok-voice.ts?t=1786706128927:282
[ 3731397ms] [INFO] [voz] 11:21:55 · La entrada trae un solo renglón: 47 mil 310 kilos de frijol negro bola, a 9.70 e @ http://localhost:5173/src/lib/realtime/grok-voice.ts?t=1786706128927:282
[ 3750214ms] [INFO] [voz] 11:22:13 · Déjame revisarlo… @ http://localhost:5173/src/lib/realtime/grok-voice.ts?t=1786706128927:282
[ 3754810ms] [INFO] [voz] 11:22:18 · Consultando el ERP… @ http://localhost:5173/src/lib/realtime/grok-voice.ts?t=1786706128927:282
[ 3762957ms] [INFO] [voz] 11:22:26 · En total se le han comprado 4 mil 66 millones de pesos, acumulados en 4 mil 259  @ http://localhost:5173/src/lib/realtime/grok-voice.ts?t=1786706128927:282
[ 3774371ms] [INFO] [voz] 11:22:38 · Un momento… @ http://localhost:5173/src/lib/realtime/grok-voice.ts?t=1786706128927:282
[ 3779286ms] [INFO] [voz] 11:22:43 · Consultando el ERP… @ http://localhost:5173/src/lib/realtime/grok-voice.ts?t=1786706128927:282
[ 3785600ms] [INFO] [voz] 11:22:49 · Las compras efectivas fueron mil 720, no cuatro mil 259. El resto eran controles @ http://localhost:5173/src/lib/realtime/grok-voice.ts?t=1786706128927:282
[ 3814659ms] [INFO] [voz] 11:23:18 · Déjame consultarlo… @ http://localhost:5173/src/lib/realtime/grok-voice.ts?t=1786706128927:282
[ 3826441ms] [INFO] [voz] 11:23:30 · Consultando el ERP… @ http://localhost:5173/src/lib/realtime/grok-voice.ts?t=1786706128927:282
[ 3830485ms] [INFO] [voz] 11:23:34 · Consultando el conocimiento del sistema… @ http://localhost:5173/src/lib/realtime/grok-voice.ts?t=1786706128927:282
[ 3855261ms] [INFO] [voz] 11:23:59 · En el último año se le compraron 69 millones 455 mil pesos, en 136 entradas de c @ http://localhost:5173/src/lib/realtime/grok-voice.ts?t=1786706128927:282
[ 3910508ms] [INFO] [voz] 11:24:54 · Déjame revisarlo… @ http://localhost:5173/src/lib/realtime/grok-voice.ts?t=1786706128927:282
[ 3917130ms] [INFO] [voz] 11:25:00 · Consultando el ERP… @ http://localhost:5173/src/lib/realtime/grok-voice.ts?t=1786706128927:282
[ 3919659ms] [INFO] [voz] 11:25:03 · En los últimos dos meses hubo 24 entradas de compra, por 11 millones 305 mil 899 @ http://localhost:5173/src/lib/realtime/grok-voice.ts?t=1786706128927:282
[ 3952158ms] [INFO] [voz] 11:25:35 · Un momento… @ http://localhost:5173/src/lib/realtime/grok-voice.ts?t=1786706128927:282
[ 3958279ms] [INFO] [voz] 11:25:42 · Consultando el ERP… @ http://localhost:5173/src/lib/realtime/grok-voice.ts?t=1786706128927:282
[ 3962466ms] [INFO] [voz] 11:25:46 · En el último mes hubo 21 entradas de compra, por 10 millones 98 mil 609 pesos. @ http://localhost:5173/src/lib/realtime/grok-voice.ts?t=1786706128927:282
[ 3990439ms] [INFO] [voz] 11:26:14 · Déjame consultarlo… @ http://localhost:5173/src/lib/realtime/grok-voice.ts?t=1786706128927:282
[ 3994667ms] [INFO] [voz] 11:26:18 · Quedó listo el resumen de tus compras con Leticia. Cuando gustes, seguimos. @ http://localhost:5173/src/lib/realtime/grok-voice.ts?t=1786706128927:282
[ 4024810ms] [INFO] [voz] 11:26:48 · Déjame revisarlo… @ http://localhost:5173/src/lib/realtime/grok-voice.ts?t=1786706128927:282
[ 4033514ms] [INFO] [voz] 11:26:57 · Puedo consultarte inventario, compras, ventas, faltantes de abasto y el MRP de p @ http://localhost:5173/src/lib/realtime/grok-voice.ts?t=1786706128927:282
